<!DOCTYPE html>
<html lang="en">
<head>
    <meta charset="UTF-8">
    <title>Title</title>
</head>
<body>

    <p>Main</p>

    <footer>Footer</footer>

</body>
</html>
