<!DOCTYPE html>
<html lang="en">
<head>
    <meta charset="UTF-8">
    <title>Test - Title</title>
</head>
<body>

    <p>Test - Main</p>

    <footer>Test - Footer</footer>

</body>
</html>
